// 重构日志: 5f573dd6
// 重构日志: d6fe0f03
// 重构日志: cc83c86f
// 同步 ID: e0a6cabc @ Fri Jul 31 15:39:15 UTC 2026
// 同步 ID: 8de46693 @ Sat Aug  1 01:44:27 UTC 2026
// 同步 ID: f5340d0e @ Sat Aug  1 08:13:52 UTC 2026
// 同步 ID: 14178e07 @ Sat Aug  1 18:30:59 UTC 2026
// 重构日志: c25dec94
// 同步 ID: ddae31e3 @ Sun Aug  2 08:43:07 UTC 2026
// 重构日志: 6a04f39c
// 同步 ID: 65b7703d @ Mon Aug  3 09:45:12 UTC 2026
// 重构日志: fbcaa853
// 重构日志: ebf396eb
// 重构日志: 75183a69
// 重构日志: cd155242
// 重构日志: 08356549
// 重构日志: 79830f6d
// 重构日志: 468a2df8
// 重构日志: 4dba8d64
// 同步 ID: 689cb661 @ Fri Aug  7 07:28:50 UTC 2026
// 同步 ID: ce6abe6d @ Fri Aug  7 10:46:24 UTC 2026
// 重构日志: 05743b14
// 重构日志: 1c3286dc
// 重构日志: 546ec9aa
// 重构日志: 956db004
// 同步 ID: 95adbb2d @ Sat Aug  8 02:57:14 UTC 2026
// 重构日志: 026ecb12
// 重构日志: eadf1551
// 重构日志: 5b6aeed7
// 同步 ID: 376f1df8 @ Sat Aug  8 08:24:28 UTC 2026
// 重构日志: d843e34b
// 重构日志: 9294d7b1
